[SUCCESS] 下载20250725的文件时正常退出
[SUCCESS] 下载20250726的文件时正常退出
[SUCCESS] 下载20250727的文件时正常退出
[SUCCESS] 下载20250728的文件时正常退出
[SUCCESS] 下载20250729的文件时正常退出
[ERROR: 'NoneType' object has no attribute 'find_all'] 下载20250730的文件时异常退出
[SUCCESS] 下载20250730的文件时正常退出
[ERROR: 访问过于频繁] 下载20250731的文件时异常退出
[ERROR: 访问过于频繁] 下载20250731的文件时异常退出
[ERROR: 访问过于频繁] 下载20250731的文件时异常退出
[ERROR: 访问过于频繁] 下载20250731的文件时异常退出
[ERROR: 访问过于频繁] 下载20250731的文件时异常退出
[ERROR: 访问过于频繁] 下载20250731的文件时异常退出
[SUCCESS] 下载20250731的文件时正常退出
[ERROR: 访问过于频繁] 下载20250801的文件时异常退出
[ERROR: 访问过于频繁] 下载20250801的文件时异常退出
[ERROR: 访问过于频繁] 下载20250801的文件时异常退出
[ERROR: 访问过于频繁] 下载20250801的文件时异常退出
[ERROR: 访问过于频繁] 下载20250801的文件时异常退出
[ERROR: 访问过于频繁] 下载20250801的文件时异常退出
[ERROR: 访问过于频繁] 下载20250801的文件时异常退出
[SUCCESS] 下载20250801的文件时正常退出
[SUCCESS] 下载20250802的文件时正常退出
[SUCCESS] 下载20250803的文件时正常退出
[SUCCESS] 下载20250804的文件时正常退出
[ERROR: 访问过于频繁] 下载20250805的文件时异常退出
[ERROR: 访问过于频繁] 下载20250805的文件时异常退出
[ERROR: 访问过于频繁] 下载20250805的文件时异常退出
[ERROR: 访问过于频繁] 下载20250805的文件时异常退出
[ERROR: 访问过于频繁] 下载20250805的文件时异常退出
[ERROR: 访问过于频繁] 下载20250805的文件时异常退出
[ERROR: 访问过于频繁] 下载20250805的文件时异常退出
[ERROR: 访问过于频繁] 下载20250805的文件时异常退出
[SUCCESS] 下载20250805的文件时正常退出
[ERROR: 访问过于频繁] 下载20250806的文件时异常退出
[ERROR: 访问过于频繁] 下载20250806的文件时异常退出
[ERROR: 访问过于频繁] 下载20250806的文件时异常退出
[ERROR: 访问过于频繁] 下载20250806的文件时异常退出
[ERROR: 访问过于频繁] 下载20250806的文件时异常退出
[ERROR: list index out of range] 下载20250806的文件时异常退出
[SUCCESS] 下载20250806的文件时正常退出
[SUCCESS] 下载20250807的文件时正常退出
[ERROR: 访问过于频繁] 下载20250807的文件时异常退出
[ERROR: 访问过于频繁] 下载20250807的文件时异常退出
[SUCCESS] 下载20250807的文件时正常退出
[ERROR: 访问过于频繁] 下载20250807的文件时异常退出
[ERROR: 访问过于频繁] 下载20250807的文件时异常退出
[ERROR: 访问过于频繁] 下载20250807的文件时异常退出
[ERROR: 访问过于频繁] 下载20250807的文件时异常退出
[ERROR: 访问过于频繁] 下载20250807的文件时异常退出
[SUCCESS] 下载20250807的文件时正常退出
[ERROR: 访问过于频繁] 下载20250807的文件时异常退出
[ERROR: 访问过于频繁] 下载20250807的文件时异常退出
[ERROR: 访问过于频繁] 下载20250807的文件时异常退出
[ERROR: 访问过于频繁] 下载20250807的文件时异常退出
[ERROR: 访问过于频繁] 下载20250807的文件时异常退出
[SUCCESS] 下载20250807的文件时正常退出
[ERROR: 访问过于频繁] 下载20250808的文件时异常退出
[ERROR: 访问过于频繁] 下载20250808的文件时异常退出
[ERROR: 访问过于频繁] 下载20250808的文件时异常退出
[ERROR: list index out of range] 下载20250808的文件时异常退出
[ERROR: list index out of range] 下载20250808的文件时异常退出
[ERROR: 访问过于频繁] 下载20250808的文件时异常退出
[ERROR: 'NoneType' object has no attribute 'find_all'] 下载20250808的文件时异常退出
[ERROR: 'NoneType' object has no attribute 'find_all'] 下载20250808的文件时异常退出
[ERROR: 'NoneType' object has no attribute 'find_all'] 下载20250808的文件时异常退出
[ERROR: 访问过于频繁] 下载20250808的文件时异常退出
[SUCCESS] 下载20250808的文件时正常退出
[ERROR: 访问过于频繁] 下载20250809的文件时异常退出
[SUCCESS] 下载20250809的文件时正常退出
[ERROR: 访问过于频繁] 下载20250810的文件时异常退出
[SUCCESS] 下载20250810的文件时正常退出
[ERROR: 访问过于频繁] 下载20250810的文件时异常退出
[ERROR: 访问过于频繁] 下载20250810的文件时异常退出
[SUCCESS] 下载20250810的文件时正常退出
[ERROR: 访问过于频繁] 下载20250811的文件时异常退出
[ERROR: 访问过于频繁] 下载20250811的文件时异常退出
[ERROR: 访问过于频繁] 下载20250811的文件时异常退出
[ERROR: 访问过于频繁] 下载20250811的文件时异常退出
[ERROR: 访问过于频繁] 下载20250811的文件时异常退出
[SUCCESS] 下载20250811的文件时正常退出
[SUCCESS] 下载20250812的文件时正常退出
[SUCCESS] 下载20250812的文件时正常退出
[SUCCESS] 下载20250813的文件时正常退出
[ERROR: 访问过于频繁] 下载20250812的文件时异常退出
[ERROR: 访问过于频繁] 下载20250812的文件时异常退出
[ERROR: 访问过于频繁] 下载20250812的文件时异常退出
[ERROR: 访问过于频繁] 下载20250812的文件时异常退出
[ERROR: 访问过于频繁] 下载20250812的文件时异常退出
[ERROR: Incoming markup is of an invalid type: None. Markup must be a string, a bytestring, or an open filehandle.] 下载20250812的文件时异常退出
[ERROR: 访问过于频繁] 下载20250812的文件时异常退出
[SUCCESS] 下载20250812的文件时正常退出
[ERROR: Incoming markup is of an invalid type: None. Markup must be a string, a bytestring, or an open filehandle.] 下载20250813的文件时异常退出
[ERROR: 访问过于频繁] 下载20250813的文件时异常退出
[ERROR: 访问过于频繁] 下载20250813的文件时异常退出
[ERROR: 访问过于频繁] 下载20250813的文件时异常退出
[ERROR: 访问过于频繁] 下载20250813的文件时异常退出
[ERROR: 'NoneType' object is not subscriptable] 下载20250813的文件时异常退出
[ERROR: 访问过于频繁] 下载20250813的文件时异常退出
[ERROR: 访问过于频繁] 下载20250813的文件时异常退出
[ERROR: 访问过于频繁] 下载20250813的文件时异常退出
[ERROR: 访问过于频繁] 下载20250813的文件时异常退出
[ERROR: 访问过于频繁] 下载20250813的文件时异常退出
[SUCCESS] 下载20250813的文件时正常退出
[SUCCESS] 下载20250814的文件时正常退出
[SUCCESS] 下载20250814的文件时正常退出
[SUCCESS] 下载20250815的文件时正常退出
[SUCCESS] 下载20250814的文件时正常退出
[SUCCESS] 下载20250815的文件时正常退出
[SUCCESS] 下载20250816的文件时正常退出
[SUCCESS] 下载20250814的文件时正常退出
[SUCCESS] 下载20250815的文件时正常退出
[SUCCESS] 下载20250816的文件时正常退出
[SUCCESS] 下载20250817的文件时正常退出
[ERROR: Incoming markup is of an invalid type: None. Markup must be a string, a bytestring, or an open filehandle.] 下载20250814的文件时异常退出
[ERROR: Incoming markup is of an invalid type: None. Markup must be a string, a bytestring, or an open filehandle.] 下载20250814的文件时异常退出
[ERROR: 访问过于频繁] 下载20250814的文件时异常退出
[SUCCESS] 下载20250814的文件时正常退出
[ERROR: 访问过于频繁] 下载20250815的文件时异常退出
[ERROR: 访问过于频繁] 下载20250815的文件时异常退出
[ERROR: 访问过于频繁] 下载20250815的文件时异常退出
[ERROR: 访问过于频繁] 下载20250815的文件时异常退出
[SUCCESS] 下载20250815的文件时正常退出
[ERROR: 访问过于频繁] 下载20250816的文件时异常退出
[SUCCESS] 下载20250816的文件时正常退出
[ERROR: 访问过于频繁] 下载20250817的文件时异常退出
[SUCCESS] 下载20250817的文件时正常退出
[ERROR: 访问过于频繁] 下载20250818的文件时异常退出
[ERROR: 访问过于频繁] 下载20250818的文件时异常退出
[ERROR: 访问过于频繁] 下载20250818的文件时异常退出
[ERROR: 访问过于频繁] 下载20250818的文件时异常退出
[ERROR: 访问过于频繁] 下载20250818的文件时异常退出
[ERROR: 访问过于频繁] 下载20250818的文件时异常退出
[SUCCESS] 下载20250818的文件时正常退出
[ERROR: 访问过于频繁] 下载20250819的文件时异常退出
[ERROR: 访问过于频繁] 下载20250819的文件时异常退出
[ERROR: 访问过于频繁] 下载20250819的文件时异常退出
[ERROR: 访问过于频繁] 下载20250819的文件时异常退出
[ERROR: 访问过于频繁] 下载20250819的文件时异常退出
[ERROR: 访问过于频繁] 下载20250819的文件时异常退出
[ERROR: 访问过于频繁] 下载20250819的文件时异常退出
[SUCCESS] 下载20250819的文件时正常退出
[SUCCESS] 下载20250820的文件时正常退出
[SUCCESS] 下载20250821的文件时正常退出
[SUCCESS] 下载20250821的文件时正常退出
[SUCCESS] 下载20250822的文件时正常退出
[ERROR: 访问过于频繁] 下载20250821的文件时异常退出
[SUCCESS] 下载20250821的文件时正常退出
[ERROR: 访问过于频繁] 下载20250821的文件时异常退出
[ERROR: 访问过于频繁] 下载20250821的文件时异常退出
[ERROR: 访问过于频繁] 下载20250821的文件时异常退出
[ERROR: 访问过于频繁] 下载20250821的文件时异常退出
[SUCCESS] 下载20250821的文件时正常退出

[SUCCESS] 下载20250822的文件时正常退出
[SUCCESS] 下载20250823的文件时正常退出
[SUCCESS] 下载20250824的文件时正常退出
[SUCCESS] 下载20250825的文件时正常退出
[SUCCESS] 下载20250826的文件时正常退出
[SUCCESS] 下载20250827的文件时正常退出
[SUCCESS] 下载20250828的文件时正常退出
[SUCCESS] 下载20250829的文件时正常退出
[SUCCESS] 下载20250830的文件时正常退出
[SUCCESS] 下载20250831的文件时正常退出
[SUCCESS] 下载20250901的文件时正常退出
[SUCCESS] 下载20250902的文件时正常退出
[SUCCESS] 下载20250903的文件时正常退出
[SUCCESS] 下载20250904的文件时正常退出
